// Jest Snapshot v1, https://goo.gl/fbAQLP

exports[`<AboutPage> renders the <AboutPage> component 1`] = `
<div
  className="app jumbotron"
>
  <h1>
    About
  </h1>
  <p>
    This application uses React, Redux, React Router and a variety of other helpful libraries
  </p>
</div>
`;
