// Jest Snapshot v1, https://goo.gl/fbAQLP

exports[`<CourseForm> renders the <CourseForm> component 1`] = `
<form
  onSubmit={[MockFunction]}
>
  <h1>
    Manage Courses
  </h1>
  <TextInput
    error=""
    label="Title"
    name="title"
    onChange={[MockFunction]}
    placeholder="Course title"
  />
  <SelectInput
    defaultOption="Select Author"
    label="Author"
    name="authorId"
    onChange={[MockFunction]}
    options={Array []}
  />
  <TextInput
    label="Category"
    name="category"
    onChange={[MockFunction]}
    placeholder="Course category"
  />
  <TextInput
    label="Length"
    name="length"
    onChange={[MockFunction]}
    pattern="^([0-1]?[0-9]|2[0-4]):([0-5][0-9])(:[0-5][0-9])?$"
    placeholder="Course Length e.g 1:10"
  />
  <input
    className="btn btn-primary"
    type="submit"
    value="Save"
  />
</form>
`;
