// Jest Snapshot v1, https://goo.gl/fbAQLP

exports[`<TextInput> renders the <TextInput> component 1`] = `
<div
  className="form-group"
>
  <label
    htmlFor=""
  />
  <div
    className="field"
  >
    <input
      className="form-control"
      name=""
      onChange={[MockFunction]}
      type="text"
    />
  </div>
</div>
`;
